
=== phase18-postfix run=1 lane=default_1 command=GOCACHE=/tmp/ai-lang-gocache go test ./... -count=1 ===
ok  	github.com/codename-lang/lang/cmd/lang	0.581s
ok  	github.com/codename-lang/lang/cmd/lang-repair	44.033s
ok  	github.com/codename-lang/lang/internal/compiler/ability	1.170s
?   	github.com/codename-lang/lang/internal/compiler/ast	[no test files]
ok  	github.com/codename-lang/lang/internal/compiler/cache	25.027s
ok  	github.com/codename-lang/lang/internal/compiler/callgraph	2.303s
ok  	github.com/codename-lang/lang/internal/compiler/cgen	51.771s
ok  	github.com/codename-lang/lang/internal/compiler/check	21.774s
ok  	github.com/codename-lang/lang/internal/compiler/core	4.564s
ok  	github.com/codename-lang/lang/internal/compiler/corevalidate	10.633s
ok  	github.com/codename-lang/lang/internal/compiler/debugmap	3.544s
ok  	github.com/codename-lang/lang/internal/compiler/diagnostic	3.183s
ok  	github.com/codename-lang/lang/internal/compiler/evidence	13.660s
ok  	github.com/codename-lang/lang/internal/compiler/execution	5.733s
ok  	github.com/codename-lang/lang/internal/compiler/executionpeer	8.028s
ok  	github.com/codename-lang/lang/internal/compiler/interp	6.437s
?   	github.com/codename-lang/lang/internal/compiler/interp/interptestdirect	[no test files]
ok  	github.com/codename-lang/lang/internal/compiler/measure	22.216s
ok  	github.com/codename-lang/lang/internal/compiler/native	61.605s
ok  	github.com/codename-lang/lang/internal/compiler/originvalidate	5.438s
ok  	github.com/codename-lang/lang/internal/compiler/pathoracle	5.608s
ok  	github.com/codename-lang/lang/internal/compiler/protocol	6.018s
ok  	github.com/codename-lang/lang/internal/compiler/reduce	7.766s
--- FAIL: TestValidationRowGradesAreEarnedOverArchivedCorpus (0.13s)
    evidence_grade_test.go:1950: checked-in validation corpus pair digest does not match the current requested corpus
FAIL
FAIL	github.com/codename-lang/lang/internal/compiler/session	257.074s
ok  	github.com/codename-lang/lang/internal/compiler/syntax	3.535s
ok  	github.com/codename-lang/lang/internal/compiler/testsupport	90.774s
ok  	github.com/codename-lang/lang/scripts	3.379s
FAIL

=== phase18-postfix run=2 lane=default_2 command=GOCACHE=/tmp/ai-lang-gocache go test ./... -count=1 ===
ok  	github.com/codename-lang/lang/cmd/lang	0.310s
ok  	github.com/codename-lang/lang/cmd/lang-repair	30.867s
ok  	github.com/codename-lang/lang/internal/compiler/ability	0.742s
?   	github.com/codename-lang/lang/internal/compiler/ast	[no test files]
ok  	github.com/codename-lang/lang/internal/compiler/cache	19.200s
ok  	github.com/codename-lang/lang/internal/compiler/callgraph	1.153s
ok  	github.com/codename-lang/lang/internal/compiler/cgen	38.833s
ok  	github.com/codename-lang/lang/internal/compiler/check	16.063s
ok  	github.com/codename-lang/lang/internal/compiler/core	4.727s
ok  	github.com/codename-lang/lang/internal/compiler/corevalidate	7.008s
ok  	github.com/codename-lang/lang/internal/compiler/debugmap	2.774s
ok  	github.com/codename-lang/lang/internal/compiler/diagnostic	3.450s
ok  	github.com/codename-lang/lang/internal/compiler/evidence	11.032s
ok  	github.com/codename-lang/lang/internal/compiler/execution	4.375s
ok  	github.com/codename-lang/lang/internal/compiler/executionpeer	4.922s
ok  	github.com/codename-lang/lang/internal/compiler/interp	4.696s
?   	github.com/codename-lang/lang/internal/compiler/interp/interptestdirect	[no test files]
ok  	github.com/codename-lang/lang/internal/compiler/measure	18.723s
ok  	github.com/codename-lang/lang/internal/compiler/native	46.390s
ok  	github.com/codename-lang/lang/internal/compiler/originvalidate	5.271s
ok  	github.com/codename-lang/lang/internal/compiler/pathoracle	5.331s
ok  	github.com/codename-lang/lang/internal/compiler/protocol	5.217s
ok  	github.com/codename-lang/lang/internal/compiler/reduce	5.957s
--- FAIL: TestValidationRowGradesAreEarnedOverArchivedCorpus (0.13s)
    evidence_grade_test.go:1950: checked-in validation corpus pair digest does not match the current requested corpus
FAIL
FAIL	github.com/codename-lang/lang/internal/compiler/session	202.646s
ok  	github.com/codename-lang/lang/internal/compiler/syntax	4.219s
ok  	github.com/codename-lang/lang/internal/compiler/testsupport	71.495s
ok  	github.com/codename-lang/lang/scripts	3.489s
FAIL

=== phase18-postfix run=3 lane=default_3 command=GOCACHE=/tmp/ai-lang-gocache go test ./... -count=1 ===
ok  	github.com/codename-lang/lang/cmd/lang	0.327s
ok  	github.com/codename-lang/lang/cmd/lang-repair	28.872s
ok  	github.com/codename-lang/lang/internal/compiler/ability	1.022s
?   	github.com/codename-lang/lang/internal/compiler/ast	[no test files]
ok  	github.com/codename-lang/lang/internal/compiler/cache	18.896s
ok  	github.com/codename-lang/lang/internal/compiler/callgraph	1.304s
ok  	github.com/codename-lang/lang/internal/compiler/cgen	35.112s
ok  	github.com/codename-lang/lang/internal/compiler/check	15.391s
ok  	github.com/codename-lang/lang/internal/compiler/core	2.402s
ok  	github.com/codename-lang/lang/internal/compiler/corevalidate	6.196s
ok  	github.com/codename-lang/lang/internal/compiler/debugmap	2.426s
ok  	github.com/codename-lang/lang/internal/compiler/diagnostic	3.569s
ok  	github.com/codename-lang/lang/internal/compiler/evidence	10.206s
ok  	github.com/codename-lang/lang/internal/compiler/execution	2.714s
ok  	github.com/codename-lang/lang/internal/compiler/executionpeer	5.698s
ok  	github.com/codename-lang/lang/internal/compiler/interp	4.950s
?   	github.com/codename-lang/lang/internal/compiler/interp/interptestdirect	[no test files]
ok  	github.com/codename-lang/lang/internal/compiler/measure	17.901s
ok  	github.com/codename-lang/lang/internal/compiler/native	40.106s
ok  	github.com/codename-lang/lang/internal/compiler/originvalidate	4.668s
ok  	github.com/codename-lang/lang/internal/compiler/pathoracle	4.703s
ok  	github.com/codename-lang/lang/internal/compiler/protocol	4.630s
ok  	github.com/codename-lang/lang/internal/compiler/reduce	5.721s
--- FAIL: TestValidationRowGradesAreEarnedOverArchivedCorpus (0.09s)
    evidence_grade_test.go:1950: checked-in validation corpus pair digest does not match the current requested corpus
FAIL
FAIL	github.com/codename-lang/lang/internal/compiler/session	187.577s
ok  	github.com/codename-lang/lang/internal/compiler/syntax	4.475s
ok  	github.com/codename-lang/lang/internal/compiler/testsupport	63.790s
ok  	github.com/codename-lang/lang/scripts	4.005s
FAIL

=== phase18-postfix run=4 lane=parallel_4 command=GOCACHE=/tmp/ai-lang-gocache go test -p=4 ./... -count=1 ===
ok  	github.com/codename-lang/lang/cmd/lang	0.198s
ok  	github.com/codename-lang/lang/cmd/lang-repair	17.227s
ok  	github.com/codename-lang/lang/internal/compiler/ability	0.592s
?   	github.com/codename-lang/lang/internal/compiler/ast	[no test files]
ok  	github.com/codename-lang/lang/internal/compiler/cache	6.329s
ok  	github.com/codename-lang/lang/internal/compiler/callgraph	0.678s
ok  	github.com/codename-lang/lang/internal/compiler/cgen	17.709s
ok  	github.com/codename-lang/lang/internal/compiler/check	13.972s
ok  	github.com/codename-lang/lang/internal/compiler/core	1.383s
ok  	github.com/codename-lang/lang/internal/compiler/corevalidate	4.391s
ok  	github.com/codename-lang/lang/internal/compiler/debugmap	0.378s
ok  	github.com/codename-lang/lang/internal/compiler/diagnostic	0.336s
ok  	github.com/codename-lang/lang/internal/compiler/evidence	2.821s
ok  	github.com/codename-lang/lang/internal/compiler/execution	0.515s
ok  	github.com/codename-lang/lang/internal/compiler/executionpeer	3.099s
ok  	github.com/codename-lang/lang/internal/compiler/interp	1.702s
?   	github.com/codename-lang/lang/internal/compiler/interp/interptestdirect	[no test files]
ok  	github.com/codename-lang/lang/internal/compiler/measure	8.387s
ok  	github.com/codename-lang/lang/internal/compiler/native	23.707s
ok  	github.com/codename-lang/lang/internal/compiler/originvalidate	0.444s
ok  	github.com/codename-lang/lang/internal/compiler/pathoracle	0.485s
ok  	github.com/codename-lang/lang/internal/compiler/protocol	0.595s
ok  	github.com/codename-lang/lang/internal/compiler/reduce	1.325s
--- FAIL: TestValidationRowGradesAreEarnedOverArchivedCorpus (0.10s)
    evidence_grade_test.go:1950: checked-in validation corpus pair digest does not match the current requested corpus
FAIL
FAIL	github.com/codename-lang/lang/internal/compiler/session	177.708s
ok  	github.com/codename-lang/lang/internal/compiler/syntax	0.409s
ok  	github.com/codename-lang/lang/internal/compiler/testsupport	48.629s
ok  	github.com/codename-lang/lang/scripts	0.533s
FAIL

=== phase18-postfix run=5 lane=race command=GOCACHE=/tmp/ai-lang-gocache go test -race ./... -count=1 ===
ok  	github.com/codename-lang/lang/cmd/lang	1.394s
ok  	github.com/codename-lang/lang/cmd/lang-repair	42.332s
ok  	github.com/codename-lang/lang/internal/compiler/ability	2.509s
?   	github.com/codename-lang/lang/internal/compiler/ast	[no test files]
ok  	github.com/codename-lang/lang/internal/compiler/cache	30.216s
ok  	github.com/codename-lang/lang/internal/compiler/callgraph	2.313s
ok  	github.com/codename-lang/lang/internal/compiler/cgen	50.488s
ok  	github.com/codename-lang/lang/internal/compiler/check	76.989s
ok  	github.com/codename-lang/lang/internal/compiler/core	13.772s
ok  	github.com/codename-lang/lang/internal/compiler/corevalidate	27.381s
ok  	github.com/codename-lang/lang/internal/compiler/debugmap	4.321s
ok  	github.com/codename-lang/lang/internal/compiler/diagnostic	3.271s
ok  	github.com/codename-lang/lang/internal/compiler/evidence	21.368s
ok  	github.com/codename-lang/lang/internal/compiler/execution	2.947s
ok  	github.com/codename-lang/lang/internal/compiler/executionpeer	28.790s
ok  	github.com/codename-lang/lang/internal/compiler/interp	14.645s
?   	github.com/codename-lang/lang/internal/compiler/interp/interptestdirect	[no test files]
--- FAIL: TestMachineProbeIsBounded (12.82s)
    --- FAIL: TestMachineProbeIsBounded/truncation (5.01s)
        machine_test.go:183: probeMachine() error = measure.probe_timeout, want measure.probe_stdout_truncated
FAIL
FAIL	github.com/codename-lang/lang/internal/compiler/measure	19.899s
ok  	github.com/codename-lang/lang/internal/compiler/native	61.070s
ok  	github.com/codename-lang/lang/internal/compiler/originvalidate	4.357s
ok  	github.com/codename-lang/lang/internal/compiler/pathoracle	4.396s
ok  	github.com/codename-lang/lang/internal/compiler/protocol	7.856s
ok  	github.com/codename-lang/lang/internal/compiler/reduce	19.447s
--- FAIL: TestValidationRowGradesAreEarnedOverArchivedCorpus (1.18s)
    evidence_grade_test.go:1950: checked-in validation corpus pair digest does not match the current requested corpus
FAIL
FAIL	github.com/codename-lang/lang/internal/compiler/session	356.296s
ok  	github.com/codename-lang/lang/internal/compiler/syntax	13.016s
ok  	github.com/codename-lang/lang/internal/compiler/testsupport	79.389s
ok  	github.com/codename-lang/lang/scripts	8.413s
FAIL

=== phase18-postfix run=6 lane=vet command=go vet ./... ===
internal/compiler/evidence/evidence.go:18:2: open ~/Library/Caches/go-build/a8/a8572aa066f22fb9bdad8cba225a2b972a21eaaf13c49e7fdc6bad8f8b172d70-d: operation not permitted
internal/compiler/evidence/evidence.go:19:2: open ~/Library/Caches/go-build/09/093280195d7456c5466a56cbd7aeb09e5e9a3c6c82a760fd4b1661ace3c158f9-d: operation not permitted
internal/compiler/evidence/evidence.go:20:2: open ~/Library/Caches/go-build/2b/2b37b0d52cc8e65fa64be37aefeed8c3f19a0410927052b74cca45603461c059-d: operation not permitted
internal/compiler/evidence/evidence.go:21:2: open ~/Library/Caches/go-build/7b/7b8ddd171a141e59ddfc69eafca045e64fc50c79bd78235798056482ab060c86-d: operation not permitted
internal/compiler/evidence/evidence.go:24:2: open ~/Library/Caches/go-build/31/31877f700e94cc53ab8fa17cd811a35ed875fc0804938e30fb66629e3f667be2-d: operation not permitted
internal/compiler/evidence/evidence.go:25:2: open ~/Library/Caches/go-build/5d/5d927164f325b1d0e81911e57573c0b69c6c342ce47d58975e9c5361c2f7c45c-d: operation not permitted
cmd/lang/main.go:16:2: open ~/Library/Caches/go-build/b4/b40ba3f0b076e66a71df9324e8b6cabe98ff991e3d471586c384aa20509a16f9-d: operation not permitted
internal/compiler/protocol/protocol.go:10:2: open ~/Library/Caches/go-build/8f/8f3ea472aff2ed6f198d2a22c89daff2b850a9d71701084c6758d255e291a57d-a: operation not permitted
cmd/lang/main.go:18:2: open ~/Library/Caches/go-build/04/040ed4eb8314c414ba84c912ffe99283637d901dad3583fd403a7ce279a17b9d-d: operation not permitted
internal/compiler/debugmap/debugmap.go:47:2: open ~/Library/Caches/go-build/f0/f0bf1d662d2419e0e789490de344de3b0dc56969875583a48b9093a2bb91af84-a: operation not permitted
pattern ./...: open ~/Library/Caches/go-build/50/50d2e4d11de952f71c84a32e0d096ffc5b07bdf729c20593b530bbec9983665f-a: operation not permitted

=== phase18-postfix run=7 lane=build command=go build ./... ===
internal/compiler/evidence/evidence.go:18:2: open ~/Library/Caches/go-build/a8/a8572aa066f22fb9bdad8cba225a2b972a21eaaf13c49e7fdc6bad8f8b172d70-d: operation not permitted
internal/compiler/evidence/evidence.go:19:2: open ~/Library/Caches/go-build/09/093280195d7456c5466a56cbd7aeb09e5e9a3c6c82a760fd4b1661ace3c158f9-d: operation not permitted
internal/compiler/evidence/evidence.go:20:2: open ~/Library/Caches/go-build/2b/2b37b0d52cc8e65fa64be37aefeed8c3f19a0410927052b74cca45603461c059-d: operation not permitted
internal/compiler/evidence/evidence.go:21:2: open ~/Library/Caches/go-build/7b/7b8ddd171a141e59ddfc69eafca045e64fc50c79bd78235798056482ab060c86-d: operation not permitted
internal/compiler/evidence/evidence.go:24:2: open ~/Library/Caches/go-build/31/31877f700e94cc53ab8fa17cd811a35ed875fc0804938e30fb66629e3f667be2-d: operation not permitted
internal/compiler/evidence/evidence.go:25:2: open ~/Library/Caches/go-build/5d/5d927164f325b1d0e81911e57573c0b69c6c342ce47d58975e9c5361c2f7c45c-d: operation not permitted
cmd/lang/main.go:16:2: open ~/Library/Caches/go-build/b4/b40ba3f0b076e66a71df9324e8b6cabe98ff991e3d471586c384aa20509a16f9-d: operation not permitted
internal/compiler/protocol/protocol.go:10:2: open ~/Library/Caches/go-build/8f/8f3ea472aff2ed6f198d2a22c89daff2b850a9d71701084c6758d255e291a57d-a: operation not permitted
cmd/lang/main.go:18:2: open ~/Library/Caches/go-build/04/040ed4eb8314c414ba84c912ffe99283637d901dad3583fd403a7ce279a17b9d-d: operation not permitted
internal/compiler/debugmap/debugmap.go:47:2: open ~/Library/Caches/go-build/f0/f0bf1d662d2419e0e789490de344de3b0dc56969875583a48b9093a2bb91af84-a: operation not permitted
pattern ./...: open ~/Library/Caches/go-build/50/50d2e4d11de952f71c84a32e0d096ffc5b07bdf729c20593b530bbec9983665f-a: operation not permitted

=== phase18-postfix attempt=20260925T182259Z-90626 run=1 lane=default_1 command=GOCACHE=/tmp/ai-lang-gocache go test ./... -count=1 ===
ok  	github.com/codename-lang/lang/cmd/lang	0.316s
ok  	github.com/codename-lang/lang/cmd/lang-repair	40.174s
ok  	github.com/codename-lang/lang/internal/compiler/ability	0.934s
?   	github.com/codename-lang/lang/internal/compiler/ast	[no test files]
ok  	github.com/codename-lang/lang/internal/compiler/cache	19.712s
ok  	github.com/codename-lang/lang/internal/compiler/callgraph	1.975s
ok  	github.com/codename-lang/lang/internal/compiler/cgen	45.634s
ok  	github.com/codename-lang/lang/internal/compiler/check	31.890s
ok  	github.com/codename-lang/lang/internal/compiler/core	4.341s
ok  	github.com/codename-lang/lang/internal/compiler/corevalidate	15.649s
ok  	github.com/codename-lang/lang/internal/compiler/debugmap	3.137s
ok  	github.com/codename-lang/lang/internal/compiler/diagnostic	3.807s
ok  	github.com/codename-lang/lang/internal/compiler/evidence	11.379s
ok  	github.com/codename-lang/lang/internal/compiler/execution	3.409s
ok  	github.com/codename-lang/lang/internal/compiler/executionpeer	10.658s
ok  	github.com/codename-lang/lang/internal/compiler/interp	7.223s
?   	github.com/codename-lang/lang/internal/compiler/interp/interptestdirect	[no test files]
ok  	github.com/codename-lang/lang/internal/compiler/measure	12.198s
ok  	github.com/codename-lang/lang/internal/compiler/native	56.492s
ok  	github.com/codename-lang/lang/internal/compiler/originvalidate	5.042s
ok  	github.com/codename-lang/lang/internal/compiler/pathoracle	5.019s
ok  	github.com/codename-lang/lang/internal/compiler/protocol	5.584s
ok  	github.com/codename-lang/lang/internal/compiler/reduce	8.250s
ok  	github.com/codename-lang/lang/internal/compiler/session	276.524s
ok  	github.com/codename-lang/lang/internal/compiler/syntax	5.295s
ok  	github.com/codename-lang/lang/internal/compiler/testsupport	92.928s
ok  	github.com/codename-lang/lang/scripts	4.368s

=== phase18-postfix attempt=20260925T182259Z-90626 run=2 lane=default_2 command=GOCACHE=/tmp/ai-lang-gocache go test ./... -count=1 ===
ok  	github.com/codename-lang/lang/cmd/lang	0.514s
ok  	github.com/codename-lang/lang/cmd/lang-repair	36.887s
ok  	github.com/codename-lang/lang/internal/compiler/ability	1.183s
?   	github.com/codename-lang/lang/internal/compiler/ast	[no test files]
ok  	github.com/codename-lang/lang/internal/compiler/cache	23.606s
ok  	github.com/codename-lang/lang/internal/compiler/callgraph	1.567s
ok  	github.com/codename-lang/lang/internal/compiler/cgen	46.673s
ok  	github.com/codename-lang/lang/internal/compiler/check	17.663s
ok  	github.com/codename-lang/lang/internal/compiler/core	3.923s
ok  	github.com/codename-lang/lang/internal/compiler/corevalidate	9.435s
ok  	github.com/codename-lang/lang/internal/compiler/debugmap	2.641s
ok  	github.com/codename-lang/lang/internal/compiler/diagnostic	4.997s
ok  	github.com/codename-lang/lang/internal/compiler/evidence	13.042s
ok  	github.com/codename-lang/lang/internal/compiler/execution	3.642s
ok  	github.com/codename-lang/lang/internal/compiler/executionpeer	7.309s
ok  	github.com/codename-lang/lang/internal/compiler/interp	6.373s
?   	github.com/codename-lang/lang/internal/compiler/interp/interptestdirect	[no test files]
ok  	github.com/codename-lang/lang/internal/compiler/measure	14.503s
ok  	github.com/codename-lang/lang/internal/compiler/native	55.708s
ok  	github.com/codename-lang/lang/internal/compiler/originvalidate	6.029s
ok  	github.com/codename-lang/lang/internal/compiler/pathoracle	6.094s
ok  	github.com/codename-lang/lang/internal/compiler/protocol	5.995s
ok  	github.com/codename-lang/lang/internal/compiler/reduce	6.746s
ok  	github.com/codename-lang/lang/internal/compiler/session	228.328s
ok  	github.com/codename-lang/lang/internal/compiler/syntax	5.737s
ok  	github.com/codename-lang/lang/internal/compiler/testsupport	83.195s
ok  	github.com/codename-lang/lang/scripts	5.057s

=== phase18-postfix attempt=20260925T182259Z-90626 run=3 lane=default_3 command=GOCACHE=/tmp/ai-lang-gocache go test ./... -count=1 ===
ok  	github.com/codename-lang/lang/cmd/lang	0.313s
ok  	github.com/codename-lang/lang/cmd/lang-repair	32.296s
ok  	github.com/codename-lang/lang/internal/compiler/ability	0.856s
?   	github.com/codename-lang/lang/internal/compiler/ast	[no test files]
ok  	github.com/codename-lang/lang/internal/compiler/cache	19.036s
ok  	github.com/codename-lang/lang/internal/compiler/callgraph	1.440s
ok  	github.com/codename-lang/lang/internal/compiler/cgen	39.181s
ok  	github.com/codename-lang/lang/internal/compiler/check	15.512s
ok  	github.com/codename-lang/lang/internal/compiler/core	2.837s
ok  	github.com/codename-lang/lang/internal/compiler/corevalidate	7.726s
ok  	github.com/codename-lang/lang/internal/compiler/debugmap	3.496s
ok  	github.com/codename-lang/lang/internal/compiler/diagnostic	3.206s
ok  	github.com/codename-lang/lang/internal/compiler/evidence	10.335s
ok  	github.com/codename-lang/lang/internal/compiler/execution	2.574s
ok  	github.com/codename-lang/lang/internal/compiler/executionpeer	5.460s
ok  	github.com/codename-lang/lang/internal/compiler/interp	3.639s
?   	github.com/codename-lang/lang/internal/compiler/interp/interptestdirect	[no test files]
ok  	github.com/codename-lang/lang/internal/compiler/measure	11.287s
ok  	github.com/codename-lang/lang/internal/compiler/native	47.310s
ok  	github.com/codename-lang/lang/internal/compiler/originvalidate	4.928s
ok  	github.com/codename-lang/lang/internal/compiler/pathoracle	5.007s
ok  	github.com/codename-lang/lang/internal/compiler/protocol	4.896s
ok  	github.com/codename-lang/lang/internal/compiler/reduce	5.711s
ok  	github.com/codename-lang/lang/internal/compiler/session	271.429s
ok  	github.com/codename-lang/lang/internal/compiler/syntax	4.227s
ok  	github.com/codename-lang/lang/internal/compiler/testsupport	74.894s
ok  	github.com/codename-lang/lang/scripts	3.855s

=== phase18-postfix attempt=20260925T182259Z-90626 run=4 lane=parallel_4 command=GOCACHE=/tmp/ai-lang-gocache go test -p=4 ./... -count=1 ===
ok  	github.com/codename-lang/lang/cmd/lang	0.301s
ok  	github.com/codename-lang/lang/cmd/lang-repair	25.111s
ok  	github.com/codename-lang/lang/internal/compiler/ability	0.811s
?   	github.com/codename-lang/lang/internal/compiler/ast	[no test files]
ok  	github.com/codename-lang/lang/internal/compiler/cache	10.145s
ok  	github.com/codename-lang/lang/internal/compiler/callgraph	1.020s
ok  	github.com/codename-lang/lang/internal/compiler/cgen	26.223s
ok  	github.com/codename-lang/lang/internal/compiler/check	20.568s
ok  	github.com/codename-lang/lang/internal/compiler/core	1.884s
ok  	github.com/codename-lang/lang/internal/compiler/corevalidate	6.347s
ok  	github.com/codename-lang/lang/internal/compiler/debugmap	0.351s
ok  	github.com/codename-lang/lang/internal/compiler/diagnostic	0.696s
ok  	github.com/codename-lang/lang/internal/compiler/evidence	3.803s
ok  	github.com/codename-lang/lang/internal/compiler/execution	0.399s
ok  	github.com/codename-lang/lang/internal/compiler/executionpeer	3.374s
ok  	github.com/codename-lang/lang/internal/compiler/interp	1.717s
?   	github.com/codename-lang/lang/internal/compiler/interp/interptestdirect	[no test files]
ok  	github.com/codename-lang/lang/internal/compiler/measure	3.398s
ok  	github.com/codename-lang/lang/internal/compiler/native	61.412s
ok  	github.com/codename-lang/lang/internal/compiler/originvalidate	1.059s
ok  	github.com/codename-lang/lang/internal/compiler/pathoracle	0.786s
ok  	github.com/codename-lang/lang/internal/compiler/protocol	1.018s
ok  	github.com/codename-lang/lang/internal/compiler/reduce	1.820s
ok  	github.com/codename-lang/lang/internal/compiler/session	214.226s
ok  	github.com/codename-lang/lang/internal/compiler/syntax	1.322s
ok  	github.com/codename-lang/lang/internal/compiler/testsupport	124.670s
ok  	github.com/codename-lang/lang/scripts	0.845s

=== phase18-postfix attempt=20260925T182259Z-90626 run=5 lane=race command=GOCACHE=/tmp/ai-lang-gocache go test -race ./... -count=1 ===
ok  	github.com/codename-lang/lang/cmd/lang	1.206s
ok  	github.com/codename-lang/lang/cmd/lang-repair	17.502s
ok  	github.com/codename-lang/lang/internal/compiler/ability	1.458s
?   	github.com/codename-lang/lang/internal/compiler/ast	[no test files]
ok  	github.com/codename-lang/lang/internal/compiler/cache	13.641s
ok  	github.com/codename-lang/lang/internal/compiler/callgraph	1.841s
ok  	github.com/codename-lang/lang/internal/compiler/cgen	25.111s
ok  	github.com/codename-lang/lang/internal/compiler/check	43.497s
ok  	github.com/codename-lang/lang/internal/compiler/core	7.337s
ok  	github.com/codename-lang/lang/internal/compiler/corevalidate	12.919s
ok  	github.com/codename-lang/lang/internal/compiler/debugmap	2.844s
ok  	github.com/codename-lang/lang/internal/compiler/diagnostic	2.319s
ok  	github.com/codename-lang/lang/internal/compiler/evidence	10.814s
ok  	github.com/codename-lang/lang/internal/compiler/execution	2.485s
ok  	github.com/codename-lang/lang/internal/compiler/executionpeer	15.720s
ok  	github.com/codename-lang/lang/internal/compiler/interp	8.971s
?   	github.com/codename-lang/lang/internal/compiler/interp/interptestdirect	[no test files]
ok  	github.com/codename-lang/lang/internal/compiler/measure	6.307s
ok  	github.com/codename-lang/lang/internal/compiler/native	34.906s
ok  	github.com/codename-lang/lang/internal/compiler/originvalidate	3.472s
ok  	github.com/codename-lang/lang/internal/compiler/pathoracle	2.848s
ok  	github.com/codename-lang/lang/internal/compiler/protocol	4.011s
ok  	github.com/codename-lang/lang/internal/compiler/reduce	9.937s
ok  	github.com/codename-lang/lang/internal/compiler/session	192.076s
ok  	github.com/codename-lang/lang/internal/compiler/syntax	3.944s
ok  	github.com/codename-lang/lang/internal/compiler/testsupport	40.592s
ok  	github.com/codename-lang/lang/scripts	2.295s

=== phase18-postfix attempt=20260925T182259Z-90626 run=6 lane=vet command=go vet ./... ===

=== phase18-postfix attempt=20260925T182259Z-90626 run=7 lane=build command=go build ./... ===
